#-----------------------------------------------------------
# Vivado v2020.2 (64-bit)
# SW Build 3064766 on Wed Nov 18 09:12:45 MST 2020
# IP Build 3064653 on Wed Nov 18 14:17:31 MST 2020
# Start of session at: Fri May  3 13:49:14 2024
# Process ID: 13872
# Current directory: C:/Users/jonnaji/Documents/Final-Project/Vivado/Project
# Command line: vivado.exe -gui_launcher_event rodinguilauncherevent25568 C:\Users\jonnaji\Documents\Final-Project\Vivado\Project\Project.xpr
# Log file: C:/Users/jonnaji/Documents/Final-Project/Vivado/Project/vivado.log
# Journal file: C:/Users/jonnaji/Documents/Final-Project/Vivado/Project\vivado.jou
#-----------------------------------------------------------
start_gui
open_project C:/Users/jonnaji/Documents/Final-Project/Vivado/Project/Project.xpr
update_compile_order -fileset sources_1
startgroup
create_report_config -report_name impl_1_route_report_utilization_0 -step route_design -report_type report_utilization -run impl_1
set_property DISPLAY_NAME {Utilization - Route Design} [get_report_configs -of_objects [get_runs impl_1] impl_1_route_report_utilization_0] 
startgroup
create_report_config -report_name impl_1_route_report_timing_0 -step route_design -report_type report_timing -run impl_1
set_property DISPLAY_NAME {Timing - Route Design} [get_report_configs -of_objects [get_runs impl_1] impl_1_route_report_timing_0] 
startgroup
create_report_config -report_name impl_1_route_report_power_1 -step route_design -report_type report_power -run impl_1
set_property DISPLAY_NAME {Power 1 - Route Design} [get_report_configs -of_objects [get_runs impl_1] impl_1_route_report_power_1] 
reset_run synth_1
launch_runs impl_1 -jobs 8
wait_on_run impl_1
